[0m11:04:13.675586 [debug] [MainThread]: Sending event: {'category': 'dbt', 'action': 'invocation', 'label': 'start', 'context': [<snowplow_tracker.self_describing_json.SelfDescribingJson object at 0x7cbfbbef0860>, <snowplow_tracker.self_describing_json.SelfDescribingJson object at 0x7cbfbc8f7bf0>, <snowplow_tracker.self_describing_json.SelfDescribingJson object at 0x7cbfbbef06b0>]}


============================== 11:04:13.681278 | 7dfada1d-c0ad-484b-8ed4-47c0d4cb14d9 ==============================
[0m11:04:13.681278 [info ] [MainThread]: Running with dbt=1.12.5
[0m11:04:13.681808 [debug] [MainThread]: running dbt with arguments {'warn_error': 'None', 'log_path': 'logs', 'hints_enabled': 'True', 'introspect': 'True', 'no_print': 'None', 'maximum_seed_size_mib': '1', 'profiles_dir': '/home/phuclh/.dbt', 'partial_parse': 'True', 'debug': 'False', 'write_json': 'True', 'indirect_selection': 'eager', 'use_colors': 'True', 'static_parser': 'True', 'version_check': 'True', 'use_experimental_parser': 'False', 'invocation_command': 'dbt init', 'target_path': 'None', 'fail_fast': 'False', 'quiet': 'False', 'log_cache_events': 'False', 'printer_width': '80', 'send_anonymous_usage_stats': 'True', 'cache_selected_only': 'False', 'log_format': 'default', 'empty': 'None', 'warn_error_options': 'WarnErrorOptionsV2(error=[], warn=[], silence=[])'}
[0m11:05:03.378215 [debug] [MainThread]: Starter project path: /home/phuclh/retail-pulse/.venv/lib/python3.12/site-packages/dbt/include/starter_project
[0m11:05:03.390273 [info ] [MainThread]: Setting up your profile.
[0m11:05:13.341742 [debug] [MainThread]: Snowflake adapter: Setting snowflake.connector to ERROR (file logging only)
[0m11:05:13.342416 [debug] [MainThread]: Snowflake adapter: Setting botocore to ERROR (file logging only)
[0m11:05:13.342728 [debug] [MainThread]: Snowflake adapter: Setting boto3 to ERROR (file logging only)
[0m11:09:21.642736 [info ] [MainThread]: Profile retail_pulse written to /home/phuclh/.dbt/profiles.yml using target's profile_template.yml and your supplied values.
[0m11:09:21.665148 [info ] [MainThread]: Running dbt debug to validate the project...
[0m11:09:21.665964 [info ] [MainThread]: dbt version: 1.12.5
[0m11:09:21.666287 [info ] [MainThread]: python version: 3.12.11
[0m11:09:21.666572 [info ] [MainThread]: python path: /home/phuclh/retail-pulse/.venv/bin/python3
[0m11:09:21.666841 [info ] [MainThread]: os info: Linux-6.18.40.1-microsoft-standard-WSL2-x86_64-with-glibc2.35
[0m11:09:21.836480 [info ] [MainThread]: Using profiles dir at /home/phuclh/.dbt
[0m11:09:21.836933 [info ] [MainThread]: Using profiles.yml file at /home/phuclh/.dbt/profiles.yml
[0m11:09:21.837209 [info ] [MainThread]: Using dbt_project.yml file at /home/phuclh/retail-pulse/retail_pulse/dbt_project.yml
[0m11:09:21.837699 [info ] [MainThread]: adapter type: snowflake
[0m11:09:21.838029 [info ] [MainThread]: adapter version: 1.12.1
[0m11:09:21.941752 [info ] [MainThread]: Configuration:
[0m11:09:21.942200 [info ] [MainThread]:   profiles.yml file [[32mOK found and valid[0m]
[0m11:09:21.942500 [info ] [MainThread]:   dbt_project.yml file [[32mOK found and valid[0m]
[0m11:09:21.942766 [info ] [MainThread]: Required dependencies:
[0m11:09:21.943054 [debug] [MainThread]: Executing "git --help"
[0m11:09:21.959790 [debug] [MainThread]: STDOUT: "b"usage: git [--version] [--help] [-C <path>] [-c <name>=<value>]\n           [--exec-path[=<path>]] [--html-path] [--man-path] [--info-path]\n           [-p | --paginate | -P | --no-pager] [--no-replace-objects] [--bare]\n           [--git-dir=<path>] [--work-tree=<path>] [--namespace=<name>]\n           [--super-prefix=<path>] [--config-env=<name>=<envvar>]\n           <command> [<args>]\n\nThese are common Git commands used in various situations:\n\nstart a working area (see also: git help tutorial)\n   clone     Clone a repository into a new directory\n   init      Create an empty Git repository or reinitialize an existing one\n\nwork on the current change (see also: git help everyday)\n   add       Add file contents to the index\n   mv        Move or rename a file, a directory, or a symlink\n   restore   Restore working tree files\n   rm        Remove files from the working tree and from the index\n\nexamine the history and state (see also: git help revisions)\n   bisect    Use binary search to find the commit that introduced a bug\n   diff      Show changes between commits, commit and working tree, etc\n   grep      Print lines matching a pattern\n   log       Show commit logs\n   show      Show various types of objects\n   status    Show the working tree status\n\ngrow, mark and tweak your common history\n   branch    List, create, or delete branches\n   commit    Record changes to the repository\n   merge     Join two or more development histories together\n   rebase    Reapply commits on top of another base tip\n   reset     Reset current HEAD to the specified state\n   switch    Switch branches\n   tag       Create, list, delete or verify a tag object signed with GPG\n\ncollaborate (see also: git help workflows)\n   fetch     Download objects and refs from another repository\n   pull      Fetch from and integrate with another repository or a local branch\n   push      Update remote refs along with associated objects\n\n'git help -a' and 'git help -g' list available subcommands and some\nconcept guides. See 'git help <command>' or 'git help <concept>'\nto read about a specific subcommand or concept.\nSee 'git help git' for an overview of the system.\n""
[0m11:09:21.960387 [debug] [MainThread]: STDERR: "b''"
[0m11:09:21.960664 [info ] [MainThread]:  - git [[32mOK found[0m]

[0m11:09:21.960959 [info ] [MainThread]: Connection:
[0m11:09:21.961250 [info ] [MainThread]:   account: egystrv-ps95633
[0m11:09:21.961546 [info ] [MainThread]:   user: admin
[0m11:09:21.961806 [info ] [MainThread]:   database: RETAIL_PULSE
[0m11:09:21.962125 [info ] [MainThread]:   warehouse: RETAIL_WH
[0m11:09:21.962379 [info ] [MainThread]:   role: TRANSFORMER
[0m11:09:21.962633 [info ] [MainThread]:   schema: DBT_DEV
[0m11:09:21.962884 [info ] [MainThread]:   authenticator: None
[0m11:09:21.963130 [info ] [MainThread]:   oauth_client_id: None
[0m11:09:21.963379 [info ] [MainThread]:   query_tag: None
[0m11:09:21.963686 [info ] [MainThread]:   client_session_keep_alive: False
[0m11:09:21.963945 [info ] [MainThread]:   host: None
[0m11:09:21.964196 [info ] [MainThread]:   port: None
[0m11:09:21.964445 [info ] [MainThread]:   proxy_host: None
[0m11:09:21.964709 [info ] [MainThread]:   proxy_port: None
[0m11:09:21.964960 [info ] [MainThread]:   protocol: None
[0m11:09:21.965208 [info ] [MainThread]:   connect_retries: 1
[0m11:09:21.965467 [info ] [MainThread]:   connect_timeout: None
[0m11:09:21.965779 [info ] [MainThread]:   retry_on_database_errors: False
[0m11:09:21.966115 [info ] [MainThread]:   retry_all: False
[0m11:09:21.966381 [info ] [MainThread]:   insecure_mode: False
[0m11:09:21.966649 [info ] [MainThread]:   reuse_connections: True
[0m11:09:21.966903 [info ] [MainThread]:   s3_stage_vpce_dns_name: None
[0m11:09:21.967169 [info ] [MainThread]:   workload_identity_provider: None
[0m11:09:21.967422 [info ] [MainThread]:   workload_identity_entra_resource: None
[0m11:09:21.967676 [info ] [MainThread]:   platform_detection_timeout_seconds: 0.0
[0m11:09:21.968112 [info ] [MainThread]: Registered adapter: snowflake=1.12.1
[0m11:09:22.090601 [debug] [MainThread]: Acquiring new snowflake connection 'debug'
[0m11:09:22.093929 [debug] [MainThread]: Using snowflake connection "debug"
[0m11:09:22.094227 [debug] [MainThread]: On debug: select 1 as id
[0m11:09:22.094492 [debug] [MainThread]: Opening a new connection, currently in state init
[0m11:09:22.098161 [debug] [MainThread]: Snowflake adapter: Error running SQL: select 1 as id
[0m11:09:22.098571 [debug] [MainThread]: Snowflake adapter: Rolling back transaction.
[0m11:09:22.098871 [info ] [MainThread]:   Connection test: [[31mERROR[0m]

[0m11:09:22.099190 [info ] [MainThread]: [31m1 check failed:[0m
[0m11:09:22.099466 [info ] [MainThread]: dbt was unable to connect to the specified database.
The database returned the following error:

  >Database Error
  Password was given but private key is not encrypted.

Check your database credentials and try again. For more information, visit:
https://docs.getdbt.com/docs/configure-your-profile


[0m11:09:22.099814 [info ] [MainThread]: Your new dbt project "retail_pulse" was created!
Initialized new project in /home/phuclh/retail-pulse/retail_pulse/retail_pulse

For more information on how to configure the profiles.yml file,
please consult the dbt documentation here:

  https://docs.getdbt.com/docs/configure-your-profile

One more thing:

Need help? Don't hesitate to reach out to us via GitHub issues or on Slack:

  https://community.getdbt.com/

Happy modeling!

[0m11:09:22.100121 [info ] [MainThread]: [31mYour profile may need adjustments. You can find the logs of `dbt debug` above[0m
[0m11:09:22.100882 [debug] [MainThread]: Resource report: {"command_name": "init", "command_success": true, "command_wall_clock_time": 308.5374, "process_in_blocks": "0", "process_kernel_time": 1.38834, "process_mem_max_rss": "188800", "process_out_blocks": "0", "process_user_time": 3.075892}
[0m11:09:22.101459 [debug] [MainThread]: Command `dbt init` succeeded at 11:09:22.101375 after 308.54 seconds
[0m11:09:22.101737 [debug] [MainThread]: Connection 'debug' was left open.
[0m11:09:22.102019 [debug] [MainThread]: On debug: No close available on handle
[0m11:09:22.102287 [debug] [MainThread]: Sending event: {'category': 'dbt', 'action': 'invocation', 'label': 'end', 'context': [<snowplow_tracker.self_describing_json.SelfDescribingJson object at 0x7cbfc015f680>, <snowplow_tracker.self_describing_json.SelfDescribingJson object at 0x7cbf9873a690>, <snowplow_tracker.self_describing_json.SelfDescribingJson object at 0x7cbfbc948b90>]}
[0m11:09:22.102661 [debug] [MainThread]: Flushing usage events
[0m11:09:23.362971 [debug] [MainThread]: An error was encountered while trying to flush usage events
[0m11:11:36.936083 [debug] [MainThread]: Sending event: {'category': 'dbt', 'action': 'invocation', 'label': 'start', 'context': [<snowplow_tracker.self_describing_json.SelfDescribingJson object at 0x7f304f6c1d60>, <snowplow_tracker.self_describing_json.SelfDescribingJson object at 0x7f304f689a00>, <snowplow_tracker.self_describing_json.SelfDescribingJson object at 0x7f304f68b710>]}


============================== 11:11:36.939839 | f61ce7ec-8fe8-41f6-8199-c7b6f69a790e ==============================
[0m11:11:36.939839 [info ] [MainThread]: Running with dbt=1.12.5
[0m11:11:36.940265 [debug] [MainThread]: running dbt with arguments {'use_colors': 'True', 'log_format': 'default', 'hints_enabled': 'True', 'printer_width': '80', 'target_path': 'None', 'quiet': 'False', 'no_print': 'None', 'write_json': 'True', 'profiles_dir': '/home/phuclh/.dbt', 'invocation_command': 'dbt parse', 'indirect_selection': 'eager', 'debug': 'False', 'warn_error_options': 'WarnErrorOptionsV2(error=[], warn=[], silence=[])', 'empty': 'None', 'log_path': 'logs', 'use_experimental_parser': 'False', 'static_parser': 'True', 'maximum_seed_size_mib': '1', 'introspect': 'True', 'partial_parse': 'True', 'cache_selected_only': 'False', 'log_cache_events': 'False', 'warn_error': 'None', 'fail_fast': 'False', 'version_check': 'True', 'send_anonymous_usage_stats': 'True'}
[0m11:11:36.940678 [error] [MainThread]: [[31mERROR[0m]: Encountered an error:
Runtime Error
  No dbt_project.yml found at expected path /home/phuclh/retail-pulse/dbt_project.yml
  Verify that each entry within packages.yml (and their transitive dependencies) contains a file named dbt_project.yml
  
[0m11:11:36.941275 [debug] [MainThread]: Resource report: {"command_name": "parse", "command_success": false, "command_wall_clock_time": 0.101468764, "process_in_blocks": "0", "process_kernel_time": 0.452245, "process_mem_max_rss": "108380", "process_out_blocks": "0", "process_user_time": 1.216659}
[0m11:11:36.941986 [debug] [MainThread]: Command `dbt parse` failed at 11:11:36.941843 after 0.10 seconds
[0m11:11:36.942313 [debug] [MainThread]: Sending event: {'category': 'dbt', 'action': 'invocation', 'label': 'end', 'context': [<snowplow_tracker.self_describing_json.SelfDescribingJson object at 0x7f3052db3680>, <snowplow_tracker.self_describing_json.SelfDescribingJson object at 0x7f304f6c1d60>, <snowplow_tracker.self_describing_json.SelfDescribingJson object at 0x7f304eba8e30>]}
[0m11:11:36.942660 [debug] [MainThread]: Flushing usage events
[0m11:11:38.225566 [debug] [MainThread]: An error was encountered while trying to flush usage events
[0m11:12:05.361654 [debug] [MainThread]: Sending event: {'category': 'dbt', 'action': 'invocation', 'label': 'start', 'context': [<snowplow_tracker.self_describing_json.SelfDescribingJson object at 0x7e750e435a60>, <snowplow_tracker.self_describing_json.SelfDescribingJson object at 0x7e750e4361e0>, <snowplow_tracker.self_describing_json.SelfDescribingJson object at 0x7e750e1dd4c0>]}


============================== 11:12:05.364322 | 2a7c9079-09fa-457d-aee9-4c771e2c4c08 ==============================
[0m11:12:05.364322 [info ] [MainThread]: Running with dbt=1.12.5
[0m11:12:05.364787 [debug] [MainThread]: running dbt with arguments {'send_anonymous_usage_stats': 'True', 'use_colors': 'True', 'maximum_seed_size_mib': '1', 'quiet': 'False', 'indirect_selection': 'eager', 'log_format': 'default', 'warn_error_options': 'WarnErrorOptionsV2(error=[], warn=[], silence=[])', 'write_json': 'True', 'target_path': 'None', 'debug': 'False', 'printer_width': '80', 'static_parser': 'True', 'fail_fast': 'False', 'hints_enabled': 'True', 'introspect': 'True', 'partial_parse': 'True', 'invocation_command': 'dbt debug', 'profiles_dir': '/home/phuclh/.dbt', 'log_path': 'logs', 'log_cache_events': 'False', 'no_print': 'None', 'empty': 'None', 'warn_error': 'None', 'use_experimental_parser': 'False', 'cache_selected_only': 'False', 'version_check': 'True'}
[0m11:12:05.372303 [info ] [MainThread]: dbt version: 1.12.5
[0m11:12:05.372727 [info ] [MainThread]: python version: 3.12.11
[0m11:12:05.373002 [info ] [MainThread]: python path: /home/phuclh/retail-pulse/.venv/bin/python3
[0m11:12:05.373262 [info ] [MainThread]: os info: Linux-6.18.40.1-microsoft-standard-WSL2-x86_64-with-glibc2.35
[0m11:12:06.095570 [debug] [MainThread]: Snowflake adapter: Setting snowflake.connector to ERROR (file logging only)
[0m11:12:06.096161 [debug] [MainThread]: Snowflake adapter: Setting botocore to ERROR (file logging only)
[0m11:12:06.096528 [debug] [MainThread]: Snowflake adapter: Setting boto3 to ERROR (file logging only)
[0m11:12:06.310933 [info ] [MainThread]: Using profiles dir at /home/phuclh/.dbt
[0m11:12:06.311433 [info ] [MainThread]: Using profiles.yml file at /home/phuclh/.dbt/profiles.yml
[0m11:12:06.311777 [info ] [MainThread]: Using dbt_project.yml file at /home/phuclh/retail-pulse/dbt_project.yml
[0m11:12:06.312321 [info ] [MainThread]: adapter type: snowflake
[0m11:12:06.312635 [info ] [MainThread]: adapter version: 1.12.1
[0m11:12:06.312943 [info ] [MainThread]: Configuration:
[0m11:12:06.313234 [info ] [MainThread]:   profiles.yml file [[32mOK found and valid[0m]
[0m11:12:06.313500 [info ] [MainThread]:   dbt_project.yml file [[31mERROR not found[0m]
[0m11:12:06.313764 [info ] [MainThread]: Required dependencies:
[0m11:12:06.314121 [debug] [MainThread]: Executing "git --help"
[0m11:12:06.316136 [debug] [MainThread]: STDOUT: "b"usage: git [--version] [--help] [-C <path>] [-c <name>=<value>]\n           [--exec-path[=<path>]] [--html-path] [--man-path] [--info-path]\n           [-p | --paginate | -P | --no-pager] [--no-replace-objects] [--bare]\n           [--git-dir=<path>] [--work-tree=<path>] [--namespace=<name>]\n           [--super-prefix=<path>] [--config-env=<name>=<envvar>]\n           <command> [<args>]\n\nThese are common Git commands used in various situations:\n\nstart a working area (see also: git help tutorial)\n   clone     Clone a repository into a new directory\n   init      Create an empty Git repository or reinitialize an existing one\n\nwork on the current change (see also: git help everyday)\n   add       Add file contents to the index\n   mv        Move or rename a file, a directory, or a symlink\n   restore   Restore working tree files\n   rm        Remove files from the working tree and from the index\n\nexamine the history and state (see also: git help revisions)\n   bisect    Use binary search to find the commit that introduced a bug\n   diff      Show changes between commits, commit and working tree, etc\n   grep      Print lines matching a pattern\n   log       Show commit logs\n   show      Show various types of objects\n   status    Show the working tree status\n\ngrow, mark and tweak your common history\n   branch    List, create, or delete branches\n   commit    Record changes to the repository\n   merge     Join two or more development histories together\n   rebase    Reapply commits on top of another base tip\n   reset     Reset current HEAD to the specified state\n   switch    Switch branches\n   tag       Create, list, delete or verify a tag object signed with GPG\n\ncollaborate (see also: git help workflows)\n   fetch     Download objects and refs from another repository\n   pull      Fetch from and integrate with another repository or a local branch\n   push      Update remote refs along with associated objects\n\n'git help -a' and 'git help -g' list available subcommands and some\nconcept guides. See 'git help <command>' or 'git help <concept>'\nto read about a specific subcommand or concept.\nSee 'git help git' for an overview of the system.\n""
[0m11:12:06.316460 [debug] [MainThread]: STDERR: "b''"
[0m11:12:06.316709 [info ] [MainThread]:  - git [[32mOK found[0m]

[0m11:12:06.316997 [info ] [MainThread]: Connection:
[0m11:12:06.317283 [info ] [MainThread]:   account: egystrv-ps95633
[0m11:12:06.317549 [info ] [MainThread]:   user: admin
[0m11:12:06.317805 [info ] [MainThread]:   database: RETAIL_PULSE
[0m11:12:06.318291 [info ] [MainThread]:   warehouse: RETAIL_WH
[0m11:12:06.321680 [info ] [MainThread]:   role: TRANSFORMER
[0m11:12:06.322332 [info ] [MainThread]:   schema: DBT_DEV
[0m11:12:06.322855 [info ] [MainThread]:   authenticator: None
[0m11:12:06.323276 [info ] [MainThread]:   oauth_client_id: None
[0m11:12:06.323582 [info ] [MainThread]:   query_tag: None
[0m11:12:06.323876 [info ] [MainThread]:   client_session_keep_alive: False
[0m11:12:06.324154 [info ] [MainThread]:   host: None
[0m11:12:06.324430 [info ] [MainThread]:   port: None
[0m11:12:06.324689 [info ] [MainThread]:   proxy_host: None
[0m11:12:06.324947 [info ] [MainThread]:   proxy_port: None
[0m11:12:06.325203 [info ] [MainThread]:   protocol: None
[0m11:12:06.325454 [info ] [MainThread]:   connect_retries: 1
[0m11:12:06.325704 [info ] [MainThread]:   connect_timeout: None
[0m11:12:06.326028 [info ] [MainThread]:   retry_on_database_errors: False
[0m11:12:06.326303 [info ] [MainThread]:   retry_all: False
[0m11:12:06.326560 [info ] [MainThread]:   insecure_mode: False
[0m11:12:06.326824 [info ] [MainThread]:   reuse_connections: True
[0m11:12:06.327169 [info ] [MainThread]:   s3_stage_vpce_dns_name: None
[0m11:12:06.327460 [info ] [MainThread]:   workload_identity_provider: None
[0m11:12:06.327832 [info ] [MainThread]:   workload_identity_entra_resource: None
[0m11:12:06.328327 [info ] [MainThread]:   platform_detection_timeout_seconds: 0.0
[0m11:12:06.328988 [info ] [MainThread]: Registered adapter: snowflake=1.12.1
[0m11:12:06.452268 [debug] [MainThread]: Acquiring new snowflake connection 'debug'
[0m11:12:06.454510 [debug] [MainThread]: Using snowflake connection "debug"
[0m11:12:06.454976 [debug] [MainThread]: On debug: select 1 as id
[0m11:12:06.455310 [debug] [MainThread]: Opening a new connection, currently in state init
[0m11:12:06.457205 [debug] [MainThread]: Snowflake adapter: Error running SQL: select 1 as id
[0m11:12:06.457736 [debug] [MainThread]: Snowflake adapter: Rolling back transaction.
[0m11:12:06.458186 [info ] [MainThread]:   Connection test: [[31mERROR[0m]

[0m11:12:06.458663 [info ] [MainThread]: [31m2 checks failed:[0m
[0m11:12:06.459033 [info ] [MainThread]: Project loading failed for the following reason:
 project path </home/phuclh/retail-pulse/dbt_project.yml> not found

[0m11:12:06.459371 [info ] [MainThread]: dbt was unable to connect to the specified database.
The database returned the following error:

  >Database Error
  Password was given but private key is not encrypted.

Check your database credentials and try again. For more information, visit:
https://docs.getdbt.com/docs/configure-your-profile


[0m11:12:06.460063 [debug] [MainThread]: Resource report: {"command_name": "debug", "command_success": false, "command_wall_clock_time": 1.1772039, "process_in_blocks": "0", "process_kernel_time": 0.660788, "process_mem_max_rss": "186132", "process_out_blocks": "0", "process_user_time": 2.730728}
[0m11:12:06.460720 [debug] [MainThread]: Command `dbt debug` failed at 11:12:06.460609 after 1.18 seconds
[0m11:12:06.461028 [debug] [MainThread]: Connection 'debug' was left open.
[0m11:12:06.461332 [debug] [MainThread]: On debug: No close available on handle
[0m11:12:06.461612 [debug] [MainThread]: Sending event: {'category': 'dbt', 'action': 'invocation', 'label': 'end', 'context': [<snowplow_tracker.self_describing_json.SelfDescribingJson object at 0x7e74e9910d40>, <snowplow_tracker.self_describing_json.SelfDescribingJson object at 0x7e74eb6aa660>, <snowplow_tracker.self_describing_json.SelfDescribingJson object at 0x7e750e0df9b0>]}
[0m11:12:06.462015 [debug] [MainThread]: Flushing usage events
[0m11:12:07.620062 [debug] [MainThread]: An error was encountered while trying to flush usage events
[0m11:16:43.816161 [debug] [MainThread]: Sending event: {'category': 'dbt', 'action': 'invocation', 'label': 'start', 'context': [<snowplow_tracker.self_describing_json.SelfDescribingJson object at 0x78d6cc4c7f80>, <snowplow_tracker.self_describing_json.SelfDescribingJson object at 0x78d6cc3b5100>, <snowplow_tracker.self_describing_json.SelfDescribingJson object at 0x78d6cc3b56a0>]}


============================== 11:16:43.818866 | fcac3161-0a75-4f36-95db-dc08b5b84c5d ==============================
[0m11:16:43.818866 [info ] [MainThread]: Running with dbt=1.12.5
[0m11:16:43.819304 [debug] [MainThread]: running dbt with arguments {'quiet': 'False', 'maximum_seed_size_mib': '1', 'profiles_dir': '/home/phuclh/.dbt', 'warn_error': 'None', 'warn_error_options': 'WarnErrorOptionsV2(error=[], warn=[], silence=[])', 'log_cache_events': 'False', 'hints_enabled': 'True', 'version_check': 'True', 'write_json': 'True', 'target_path': 'None', 'partial_parse': 'True', 'log_path': 'logs', 'debug': 'False', 'log_format': 'default', 'empty': 'None', 'introspect': 'True', 'use_experimental_parser': 'False', 'invocation_command': 'dbt parse', 'fail_fast': 'False', 'printer_width': '80', 'cache_selected_only': 'False', 'indirect_selection': 'eager', 'send_anonymous_usage_stats': 'True', 'static_parser': 'True', 'no_print': 'None', 'use_colors': 'True'}
[0m11:16:43.819702 [error] [MainThread]: [[31mERROR[0m]: Encountered an error:
Runtime Error
  No dbt_project.yml found at expected path /home/phuclh/retail-pulse/dbt_project.yml
  Verify that each entry within packages.yml (and their transitive dependencies) contains a file named dbt_project.yml
  
[0m11:16:43.820235 [debug] [MainThread]: Resource report: {"command_name": "parse", "command_success": false, "command_wall_clock_time": 0.082751304, "process_in_blocks": "0", "process_kernel_time": 0.185158, "process_mem_max_rss": "108472", "process_out_blocks": "0", "process_user_time": 1.175354}
[0m11:16:43.820624 [debug] [MainThread]: Command `dbt parse` failed at 11:16:43.820546 after 0.08 seconds
[0m11:16:43.820903 [debug] [MainThread]: Sending event: {'category': 'dbt', 'action': 'invocation', 'label': 'end', 'context': [<snowplow_tracker.self_describing_json.SelfDescribingJson object at 0x78d6cc457e00>, <snowplow_tracker.self_describing_json.SelfDescribingJson object at 0x78d6cc457fe0>, <snowplow_tracker.self_describing_json.SelfDescribingJson object at 0x78d6cc457c50>]}
[0m11:16:43.821190 [debug] [MainThread]: Flushing usage events
[0m11:16:45.069506 [debug] [MainThread]: An error was encountered while trying to flush usage events
[0m14:56:29.911412 [debug] [MainThread]: Sending event: {'category': 'dbt', 'action': 'invocation', 'label': 'start', 'context': [<snowplow_tracker.self_describing_json.SelfDescribingJson object at 0x7de477a307a0>, <snowplow_tracker.self_describing_json.SelfDescribingJson object at 0x7de477a328d0>, <snowplow_tracker.self_describing_json.SelfDescribingJson object at 0x7de477a32a20>]}


============================== 14:56:29.917745 | 2d6fc157-8438-46b0-af5f-75e13d9a2026 ==============================
[0m14:56:29.917745 [info ] [MainThread]: Running with dbt=1.12.5
[0m14:56:29.918242 [debug] [MainThread]: running dbt with arguments {'debug': 'False', 'log_path': 'logs', 'hints_enabled': 'True', 'target_path': 'None', 'cache_selected_only': 'False', 'invocation_command': 'dbt test', 'warn_error': 'None', 'introspect': 'True', 'partial_parse': 'True', 'log_format': 'default', 'use_experimental_parser': 'False', 'write_json': 'True', 'maximum_seed_size_mib': '1', 'send_anonymous_usage_stats': 'True', 'quiet': 'False', 'printer_width': '80', 'indirect_selection': 'eager', 'fail_fast': 'False', 'profiles_dir': '/home/phuclh/.dbt', 'warn_error_options': 'WarnErrorOptionsV2(error=[], warn=[], silence=[])', 'no_print': 'None', 'log_cache_events': 'False', 'version_check': 'True', 'use_colors': 'True', 'static_parser': 'True', 'empty': 'None'}
[0m14:56:29.918640 [error] [MainThread]: [[31mERROR[0m]: Encountered an error:
Runtime Error
  No dbt_project.yml found at expected path /home/phuclh/retail-pulse/dbt_project.yml
  Verify that each entry within packages.yml (and their transitive dependencies) contains a file named dbt_project.yml
  
[0m14:56:29.919280 [debug] [MainThread]: Resource report: {"command_name": "test", "command_success": false, "command_wall_clock_time": 0.0911834, "process_in_blocks": "0", "process_kernel_time": 0.743824, "process_mem_max_rss": "109024", "process_out_blocks": "0", "process_user_time": 1.407668}
[0m14:56:29.919630 [debug] [MainThread]: Command `dbt test` failed at 14:56:29.919559 after 0.09 seconds
[0m14:56:29.919959 [debug] [MainThread]: Sending event: {'category': 'dbt', 'action': 'invocation', 'label': 'end', 'context': [<snowplow_tracker.self_describing_json.SelfDescribingJson object at 0x7de4779fb110>, <snowplow_tracker.self_describing_json.SelfDescribingJson object at 0x7de477a314f0>, <snowplow_tracker.self_describing_json.SelfDescribingJson object at 0x7de477a321e0>]}
[0m14:56:29.920233 [debug] [MainThread]: Flushing usage events
[0m14:56:31.121786 [debug] [MainThread]: An error was encountered while trying to flush usage events
